
> project@0.1.0 dev
> next dev

▲ Next.js 16.2.6 (Turbopack)
- Local:         http://localhost:12000
- Network:       http://10.2.15.22:12000
- Environments: .env.local
✓ Ready in 353ms

 GET /login 200 in 548ms (next.js: 199ms, application-code: 349ms)
 GET /provider/wxYK5d51I2VaK2pc4N4QkfaFzkG2 200 in 549ms (next.js: 379ms, application-code: 171ms)
🐛 API AUTH HEADER DEBUG {
  hasAuthHeader: true,
  startsWithBearer: true,
  headerStart: 'Bearer eyJhbGciOiJSU'
}
🐛 FIREBASE ADMIN ENV DEBUG {
  hasProjectId: true,
  projectId: 'pet-co-fc4d6',
  hasClientEmail: true,
  clientEmail: 'firebase-adminsdk-fbsvc@pet-co-fc4d6.iam.gserviceaccount.com',
  hasPrivateKey: true,
  privateKeyStartsCorrectly: true
}
🐛 API TOKEN VERIFIED {
  uid: 'lILuYoIHE3OCS25oqZnUFnRKPIL2',
  email: 'rolandabj123@gmail.com',
  aud: 'pet-co-fc4d6',
  iss: 'https://securetoken.google.com/pet-co-fc4d6'
}
 GET /api/me/favorites?providerId=wxYK5d51I2VaK2pc4N4QkfaFzkG2 200 in 507ms (next.js: 291ms, application-code: 215ms)
